../Drivers/CMSIS/Include/core_cm4.h:2064:26:ITM_SendChar	16	static,ignoring_inline_asm
../Core/Src/main.c:115:6:HAL_ADC_ConvCpltCallback	16	static
../Core/Src/main.c:120:6:HAL_TIM_IC_CaptureCallback	16	static
../Core/Src/main.c:132:6:DriveMotor	24	static
../Core/Src/main.c:169:6:DriveMotorCL	16	static
../Core/Src/main.c:176:6:NavTurnLeft	8	static
../Core/Src/main.c:185:6:NavTurnRight	8	static
../Core/Src/main.c:193:6:NavGoForward	4	static
../Core/Src/main.c:207:5:main	8	static
../Core/Src/main.c:360:6:SystemClock_Config	88	static
../Core/Src/main.c:407:13:MX_ADC1_Init	24	static
../Core/Src/main.c:495:13:MX_TIM1_Init	56	static
../Core/Src/main.c:545:13:MX_TIM3_Init	64	static
../Core/Src/main.c:619:13:MX_TIM4_Init	56	static
../Core/Src/main.c:668:13:MX_USART2_UART_Init	8	static
../Core/Src/main.c:699:13:MX_DMA_Init	16	static
../Core/Src/main.c:717:13:MX_GPIO_Init	48	static
../Core/Src/main.c:763:6:Filter_ADCs	24	static
../Core/Src/main.c:769:5:_write	32	static
../Core/Src/main.c:788:6:StartDefaultTask	16	static
../Core/Src/main.c:814:6:StartTask02	16	static
../Core/Src/main.c:847:6:HAL_TIM_PeriodElapsedCallback	16	static
../Core/Src/main.c:871:6:Error_Handler	4	static,ignoring_inline_asm
